<div class='definition'><pre>mrow</pre></div>
<div class='content'><details style='margin-bottom: 4px'><summary><table style='border-spacing: 0; border-width: 0'><tr><td width=2 valign=top style='padding: 0 4px 0 0'><icon src='com.intellij.xml.frontback.impl.icons.XmlFrontbackImplIcons.BaselineLow'></icon>
<td style='padding: 0; width:100%'>Newly available across major browsers
</td></tr></table></summary><p class='grayed' style='margin: 0; padding: 0 0 4px 0; line-height: 100%'>Chrome 109, Chrome Android 109, Edge 109, Firefox 1, Firefox Android 4, Opera 95, Safari 6, Safari iOS 6. <i>Baseline&nbsp;since&nbsp;2023</i></details>
The <strong><code>&lt;mrow&gt;</code></strong> <a href="https://developer.mozilla.org/en-us/docs/Web/MathML">MathML</a> element is used to group sub-expressions, which usually contain one or more <a href="https://developer.mozilla.org/en-us/docs/Web/MathML/Reference/Element/mo">operators</a> with their respective operands (such as <a href="https://developer.mozilla.org/en-us/docs/Web/MathML/Reference/Element/mi" ><code>&lt;mi&gt;</code></a> and <a href="https://developer.mozilla.org/en-us/docs/Web/MathML/Reference/Element/mn" ><code>&lt;mn&gt;</code></a>). This element renders as a horizontal row containing its arguments.
<p>When writing a MathML expression, you should group elements within an <code>&lt;mrow&gt;</code> in the same way as they are grouped in the mathematical interpretation of the expression. Proper grouping helps the rendering of the expression in several ways:
<ul>
<li>It can improve the display by possibly affecting spacing and preventing line breaks.</li>
<li>It simplifies the interpretation of the expression by automated systems such as computer algebra systems and audio renderers.</li>
</ul></div>
<div class='content'>By <a href='https://developer.mozilla.org/en-us/docs/web/mathml/reference/element/mrow/contributors.txt'>Mozilla Contributors</a>, <a href='https://creativecommons.org/licenses/by-sa/2.5/'>CC BY-SA 2.5</a></div>
---
[https://developer.mozilla.org/en-us/docs/web/mathml/reference/element/mrow]
