<div class='definition'><pre>onstalled</pre></div>
<div class='content'><details style='margin-bottom: 4px'><summary><table style='border-spacing: 0; border-width: 0'><tr><td width=2 valign=top style='padding: 0 4px 0 0'><icon src='com.intellij.xml.frontback.impl.icons.XmlFrontbackImplIcons.BaselineHigh'></icon>
<td style='padding: 0; width:100%'>Widely available across major browsers
</td></tr></table></summary><p class='grayed' style='margin: 0; padding: 0 0 4px 0; line-height: 100%'>Chrome 3, Chrome Android 18, Edge 12, Firefox 3.5, Firefox Android 4, Opera 10.5, Safari 3.1, Safari iOS 3. <i>Baseline&nbsp;since&nbsp;2018</i></details>
The <code>stalled</code> event is fired when the user agent is trying to fetch media data, but data is unexpectedly not forthcoming.
This event is not cancelable and does not bubble.</div>
<div class='content'>By <a href='https://developer.mozilla.org/en-us/docs/web/api/htmlmediaelement/stalled_event/contributors.txt'>Mozilla Contributors</a>, <a href='https://creativecommons.org/licenses/by-sa/2.5/'>CC BY-SA 2.5</a></div>
---
[https://developer.mozilla.org/en-us/docs/web/api/htmlmediaelement/stalled_event]
