<div class='definition'><pre>svg</pre></div>
<div class='content'><details style='margin-bottom: 4px'><summary><table style='border-spacing: 0; border-width: 0'><tr><td width=2 valign=top style='padding: 0 4px 0 0'><icon src='com.intellij.xml.frontback.impl.icons.XmlFrontbackImplIcons.BaselineHigh'></icon>
<td style='padding: 0; width:100%'>Widely available across major browsers
</td></tr></table></summary><p class='grayed' style='margin: 0; padding: 0 0 4px 0; line-height: 100%'>Chrome 1, Chrome Android 18, Edge 12, Firefox 1.5, Firefox Android 4, Opera 8, Safari 3, Safari iOS 2. <i>Baseline&nbsp;since&nbsp;2018</i></details>
The <strong><code>&lt;svg&gt;</code></strong> <a href="https://developer.mozilla.org/en-us/docs/Web/SVG">SVG</a> element is a container that defines a new coordinate system and <a href="https://developer.mozilla.org/en-us/docs/Web/SVG/Reference/Attribute/viewBox">viewport</a>. It is used as the outermost element of SVG documents, but it can also be used to embed an SVG fragment inside an SVG or HTML document.
<div class="notecard note">
<p><strong>Note:</strong>
The <code>xmlns</code> attribute is only required on the outermost <code>svg</code> element of <em>SVG documents</em>, or inside HTML documents with XML serialization. It is unnecessary for inner <code>svg</code> elements or inside HTML documents with HTML serialization.
</div></div>
<div class='content'>By <a href='https://developer.mozilla.org/en-us/docs/web/svg/reference/element/svg/contributors.txt'>Mozilla Contributors</a>, <a href='https://creativecommons.org/licenses/by-sa/2.5/'>CC BY-SA 2.5</a></div>
---
[https://developer.mozilla.org/en-us/docs/web/svg/reference/element/svg]
