<div class='definition'><pre>dialog</pre></div>
<div class='content'><details style='margin-bottom: 4px'><summary><table style='border-spacing: 0; border-width: 0'><tr><td width=2 valign=top style='padding: 0 4px 0 0'><icon src='com.intellij.xml.frontback.impl.icons.XmlFrontbackImplIcons.BaselineHigh'></icon>
<td style='padding: 0; width:100%'>Widely available across major browsers
</td></tr></table></summary><p class='grayed' style='margin: 0; padding: 0 0 4px 0; line-height: 100%'>Chrome 37, Chrome Android 37, Edge 79, Firefox 98, Firefox Android 98, Opera 24, Safari 15.4, Safari iOS 15.4. <i>Baseline&nbsp;since&nbsp;2024</i></details>
The <strong><code>&lt;dialog&gt;</code></strong> <a href="https://developer.mozilla.org/en-us/docs/Web/HTML">HTML</a> element represents a modal or non-modal dialog box or other interactive component, such as a dismissible alert, inspector, or subwindow.
<p>The HTML <code>&lt;dialog&gt;</code> element is used to create both modal and non-modal dialog boxes. Modal dialog boxes interrupt interaction with the rest of the page being inert, while non-modal dialog boxes allow interaction with the rest of the page.
<p>JavaScript should be used to display the <code>&lt;dialog&gt;</code> element. Use the <a href="https://developer.mozilla.org/en-us/docs/Web/API/HTMLDialogElement/showModal" ><code>.showModal()</code></a> method to display a modal dialog and the <a href="https://developer.mozilla.org/en-us/docs/Web/API/HTMLDialogElement/show" ><code>.show()</code></a> method to display a non-modal dialog. The dialog box can be closed using the <a href="https://developer.mozilla.org/en-us/docs/Web/API/HTMLDialogElement/close" ><code>.close()</code></a> method or using the <a href="https://developer.mozilla.org/en-us/docs/Web/HTML/Reference/Elements/form#method"><code>dialog</code></a> method when submitting a <code>&lt;form&gt;</code> that is nested within the <code>&lt;dialog&gt;</code> element. Modal dialogs can also be closed by pressing the <kbd>Esc</kbd> key.</div>
<div class='content'>By <a href='https://developer.mozilla.org/en-us/docs/web/html/reference/elements/dialog/contributors.txt'>Mozilla Contributors</a>, <a href='https://creativecommons.org/licenses/by-sa/2.5/'>CC BY-SA 2.5</a></div>
---
[https://developer.mozilla.org/en-us/docs/web/html/reference/elements/dialog]
