<div class='definition'><pre>script</pre></div>
<div class='content'><details style='margin-bottom: 4px'><summary><table style='border-spacing: 0; border-width: 0'><tr><td width=2 valign=top style='padding: 0 4px 0 0'><icon src='com.intellij.xml.frontback.impl.icons.XmlFrontbackImplIcons.BaselineHigh'></icon>
<td style='padding: 0; width:100%'>Widely available across major browsers
</td></tr></table></summary><p class='grayed' style='margin: 0; padding: 0 0 4px 0; line-height: 100%'>Chrome 1, Chrome Android 18, Edge 12, Firefox 1, Firefox Android 4, Opera 12.1, Safari 3, Safari iOS 2. <i>Baseline&nbsp;since&nbsp;2018</i></details>
The <strong><code>&lt;script&gt;</code></strong> <a href="https://developer.mozilla.org/en-us/docs/Web/HTML">HTML</a> element is used to embed executable code or data; this is typically used to embed or refer to JavaScript code. The <code>&lt;script&gt;</code> element can also be used with other languages, such as <a href="https://developer.mozilla.org/en-us/docs/Web/API/WebGL_API">WebGL</a>'s GLSL shader programming language and <a href="https://developer.mozilla.org/en-us/docs/Glossary/JSON">JSON</a>.</div>
<div class='content'>By <a href='https://developer.mozilla.org/en-us/docs/web/html/reference/elements/script/contributors.txt'>Mozilla Contributors</a>, <a href='https://creativecommons.org/licenses/by-sa/2.5/'>CC BY-SA 2.5</a></div>
---
[https://developer.mozilla.org/en-us/docs/web/html/reference/elements/script]
