<div class='definition'><pre>body</pre></div>
<div class='content'><details style='margin-bottom: 4px'><summary><table style='border-spacing: 0; border-width: 0'><tr><td width=2 valign=top style='padding: 0 4px 0 0'><icon src='com.intellij.xml.frontback.impl.icons.XmlFrontbackImplIcons.BaselineHigh'></icon>
<td style='padding: 0; width:100%'>Widely available across major browsers
</td></tr></table></summary><p class='grayed' style='margin: 0; padding: 0 0 4px 0; line-height: 100%'>Chrome 1, Chrome Android 18, Edge 12, Firefox 1, Firefox Android 4, Opera 15, Safari 1, Safari iOS 1. <i>Baseline&nbsp;since&nbsp;2018</i></details>
The <strong><code>&lt;body&gt;</code></strong> <a href="https://developer.mozilla.org/en-us/docs/Web/HTML">HTML</a> element represents the content of an HTML document. There can be only one <code>&lt;body&gt;</code> element in a document.</div>
<div class='content'>By <a href='https://developer.mozilla.org/en-us/docs/web/html/reference/elements/body/contributors.txt'>Mozilla Contributors</a>, <a href='https://creativecommons.org/licenses/by-sa/2.5/'>CC BY-SA 2.5</a></div>
---
[https://developer.mozilla.org/en-us/docs/web/html/reference/elements/body]
