<div class='definition'><pre>viewBox</pre></div>
<div class='content'><details style='margin-bottom: 4px'><summary><table style='border-spacing: 0; border-width: 0'><tr><td width=2 valign=top style='padding: 0 4px 0 0'><icon src='com.intellij.xml.frontback.impl.icons.XmlFrontbackImplIcons.BaselineHigh'></icon>
<td style='padding: 0; width:100%'>Widely available across major browsers
</td></tr></table></summary><p class='grayed' style='margin: 0; padding: 0 0 4px 0; line-height: 100%'>Chrome 1, Chrome Android 18, Edge 12, Firefox 1.5, Firefox Android 4, Opera 8, Safari 3, Safari iOS 3. <i>Baseline&nbsp;since&nbsp;2018</i></details>
The <strong><code>viewBox</code></strong> attribute defines the position and dimension, in user space, of an SVG viewport.
<p>The value of the <code>viewBox</code> attribute is a list of four numbers separated by whitespace and/or a comma: <code>min-x</code>, <code>min-y</code>, <code>width</code>, and <code>height</code>. <code>min-x</code> and <code>min-y</code> represent the smallest X and Y coordinates that the <code>viewBox</code> may have (the origin coordinates of the <code>viewBox</code>) and the <code>width</code> and <code>height</code> specify the <code>viewBox</code> size. The resulting <code>viewBox</code> is a rectangle in user space mapped to the bounds of the viewport of an SVG element (not the <a href="https://developer.mozilla.org/en-us/docs/Glossary/Viewport">browser viewport</a>).
When an SVG contains a <code>viewBox</code> attribute (often in combination with a <a href="https://developer.mozilla.org/en-us/docs/Web/SVG/Reference/Attribute/preserveAspectRatio"><code>preserveAspectRatio</code></a> attribute), a transform stretches or resizes the SVG viewport to fit a particular container element.</div>
<div class='content'>By <a href='https://developer.mozilla.org/en-us/docs/web/svg/reference/element/svg#viewbox/contributors.txt'>Mozilla Contributors</a>, <a href='https://creativecommons.org/licenses/by-sa/2.5/'>CC BY-SA 2.5</a></div>
